---
source: lox_compiler/src/lib.rs
expression: result
---
- 0000    OP_INTEGER (index=0) 5
- 0001    OP_DEFINE_GLOBAL (index=0) x
- 0002    OP_GET_GLOBAL (index=1) x
- 0003    OP_INTEGER (index=1) 0
- "0004    OP_GREATER          "
- 0005    OP_JUMP_IF_FALSE (pos=4)
- "0006    OP_POP              "
- 0007    OP_GET_GLOBAL (index=2) x
- "0008    OP_PRINT            "
- "0009    OP_LOOP (pos=-8)    "
- "0010    OP_POP              "
