---
source: tests/golden.rs
assertion_line: 33
expression: run_test(path)
input_file: tests/fixtures/scope.lox
---
'''
"inner a"
"outer b"
"global c"
"outer a"
"outer b"
"global c"
"global a"
"global b"
"global c"
'''
