---
source: tests/golden.rs
assertion_line: 33
expression: run_test(path)
input_file: tests/fixtures/resolving_and_binding.lox
---
'''
"global"
"global"
'''
