---
source: tests/golden.rs
assertion_line: 33
expression: run_test(path)
input_file: tests/fixtures/return_stmt_basic.lox
---
'''
0
1
12
13
14
'''
