---
source: tests/golden.rs
expression: "run_test(\"assignments\")"
---
"\"lox\"\n"
