---
source: tests/golden.rs
assertion_line: 33
expression: run_test(path)
input_file: tests/fixtures/basic_logic.lox
---
"\"hi\"\n\"yes\"\n"
