---
source: tests/golden.rs
assertion_line: 33
expression: run_test(path)
input_file: tests/fixtures/basic_while.lox
---
"1\n2\n3\n4\n5\n6\n7\n8\n9\n10\n"
